[PHIL-1] 391 chars → PHIL-1.mp3 ... ok
[PHIL-2] 569 chars → PHIL-2.mp3 ... ok
[PHIL-3] 370 chars → PHIL-3.mp3 ... ok
[PHIL-4] 616 chars → PHIL-4.mp3 ... ok
[BUILD-1] 591 chars → BUILD-1.mp3 ... ok
[BUILD-2] 342 chars → BUILD-2.mp3 ... ok
[BUILD-3] 466 chars → BUILD-3.mp3 ... ok
[BUILD-4] 379 chars → BUILD-4.mp3 ... ok
[BUILD-5] 716 chars → BUILD-5.mp3 ... ok
[BUILD-6] 507 chars → BUILD-6.mp3 ... ok
[BUILD-7] 698 chars → BUILD-7.mp3 ... ok
[BUILD-8] 563 chars → BUILD-8.mp3 ... ok
[BUILD-9] 599 chars → BUILD-9.mp3 ... ok
[BUILD-10] 403 chars → BUILD-10.mp3 ... ok
[WRITE-1] 424 chars → WRITE-1.mp3 ... ok
[WRITE-2] 473 chars → WRITE-2.mp3 ... ok
[WRITE-3] 279 chars → WRITE-3.mp3 ... ok
[WRITE-4] 317 chars → WRITE-4.mp3 ... ok
[WRITE-5] 471 chars → WRITE-5.mp3 ... ok
[WRITE-6] 660 chars → WRITE-6.mp3 ... ok
[WRITE-7] 586 chars → WRITE-7.mp3 ... ok
[WRITE-8] 708 chars → WRITE-8.mp3 ... ok
[READ-1] 475 chars → READ-1.mp3 ... ok
[READ-2] 505 chars → READ-2.mp3 ... ok
[READ-3] 480 chars → READ-3.mp3 ... ok
[READ-4] 438 chars → READ-4.mp3 ... ok
[READ-5] 628 chars → READ-5.mp3 ... ok
[COHORT-1] 481 chars → COHORT-1.mp3 ... ok
[COHORT-2] 486 chars → COHORT-2.mp3 ... ok
[COHORT-3] 416 chars → COHORT-3.mp3 ... ok
[COHORT-4] 311 chars → COHORT-4.mp3 ... ok
[ART-1] 448 chars → ART-1.mp3 ... ok
[ART-2] 553 chars → ART-2.mp3 ... ok
[ART-3] 959 chars → ART-3.mp3 ... ok
[ART-4] 635 chars → ART-4.mp3 ... ok
[ART-5] 320 chars → ART-5.mp3 ... ok
[CLOSE-1] 458 chars → CLOSE-1.mp3 ... ok
[CLOSE-2] 526 chars → CLOSE-2.mp3 ... ok
[CLOSE-3] 712 chars → CLOSE-3.mp3 ... ok
[CLOSE-4] 297 chars → CLOSE-4.mp3 ... ok
